%!Adobe-FontList 1.14
%Locale:0x412

%BeginFont
Handler:DirectoryHandler
FontType:Invalid
OutlineFileName:C:\Users\admin\Downloads\achakana\Font\GmarketSansBold.eot
FileModTime:1603143746
%EndFont

%BeginFont
Handler:DirectoryHandler
FontType:Invalid
OutlineFileName:C:\Users\admin\Downloads\achakana\Font\GmarketSansBold.svg
FileModTime:1603143750
%EndFont

%BeginFont
Handler:DirectoryHandler
FontType:TrueType
FontName:GmarketSansBold
FamilyName:GmarketSansBold
StyleName:Bold
FullName:GmarketSansBold
MenuName:GmarketSansBold
StyleBits:0
FamilyNameNative:
StyleNameNative:Bold
FullNameNative:
WritingScript:Korean
OutlineFileName:C:\Users\admin\Downloads\achakana\Font\GmarketSansBold.ttf
DataFormat:sfntData
FileLength:2239952
FileModTime:1603143754
WeightClass:700
WidthClass:5
AngleClass:0
%EndFont

%BeginFont
Handler:DirectoryHandler
FontType:Invalid
OutlineFileName:C:\Users\admin\Downloads\achakana\Font\GmarketSansBold.woff
FileModTime:1603143738
%EndFont

%BeginFont
Handler:DirectoryHandler
FontType:Invalid
OutlineFileName:C:\Users\admin\Downloads\achakana\Font\GmarketSansBold.woff2
FileModTime:1603143738
%EndFont

%BeginFont
Handler:DirectoryHandler
FontType:Invalid
OutlineFileName:C:\Users\admin\Downloads\achakana\Font\GmarketSansLight.eot
FileModTime:1603143756
%EndFont

%BeginFont
Handler:DirectoryHandler
FontType:Invalid
OutlineFileName:C:\Users\admin\Downloads\achakana\Font\GmarketSansLight.svg
FileModTime:1603143760
%EndFont

%BeginFont
Handler:DirectoryHandler
FontType:TrueType
FontName:GmarketSansLight
FamilyName:GmarketSansLight
StyleName:Light
FullName:GmarketSansLight
MenuName:GmarketSansLight
StyleBits:0
FamilyNameNative:
StyleNameNative:Light
FullNameNative:
WritingScript:Korean
OutlineFileName:C:\Users\admin\Downloads\achakana\Font\GmarketSansLight.ttf
DataFormat:sfntData
FileLength:2295804
FileModTime:1603143764
WeightClass:200
WidthClass:5
AngleClass:0
%EndFont

%BeginFont
Handler:DirectoryHandler
FontType:Invalid
OutlineFileName:C:\Users\admin\Downloads\achakana\Font\GmarketSansLight.woff
FileModTime:1603143738
%EndFont

%BeginFont
Handler:DirectoryHandler
FontType:Invalid
OutlineFileName:C:\Users\admin\Downloads\achakana\Font\GmarketSansLight.woff2
FileModTime:1603143736
%EndFont

%BeginFont
Handler:DirectoryHandler
FontType:Invalid
OutlineFileName:C:\Users\admin\Downloads\achakana\Font\GmarketSansMedium.eot
FileModTime:1603143766
%EndFont

%BeginFont
Handler:DirectoryHandler
FontType:Invalid
OutlineFileName:C:\Users\admin\Downloads\achakana\Font\GmarketSansMedium.svg
FileModTime:1603143770
%EndFont

%BeginFont
Handler:DirectoryHandler
FontType:TrueType
FontName:GmarketSansMedium
FamilyName:GmarketSansMedium
StyleName:Medium
FullName:GmarketSansMedium
MenuName:GmarketSansMedium
StyleBits:0
FamilyNameNative:
StyleNameNative:Medium
FullNameNative:
WritingScript:Korean
OutlineFileName:C:\Users\admin\Downloads\achakana\Font\GmarketSansMedium.ttf
DataFormat:sfntData
FileLength:2240324
FileModTime:1603143774
WeightClass:500
WidthClass:5
AngleClass:0
%EndFont

%BeginFont
Handler:DirectoryHandler
FontType:Invalid
OutlineFileName:C:\Users\admin\Downloads\achakana\Font\GmarketSansMedium.woff
FileModTime:1603143738
%EndFont

%BeginFont
Handler:DirectoryHandler
FontType:Invalid
OutlineFileName:C:\Users\admin\Downloads\achakana\Font\GmarketSansMedium.woff2
FileModTime:1603143738
%EndFont

